// Jest Snapshot v1, https://goo.gl/fbAQLP

exports[`<Footer /> should render and match the snapshot 1`] = `
<footer
  className="Wrapper-y4gy8t-0 fQrtQn"
>
  <section>
    <span>
      This project is licensed under the MIT license.
    </span>
  </section>
  <section>
    <div
      className="Wrapper-sc-1ub7w39-0 cXRXRC"
    >
      <select
        className="Select-cuazdz-0 kJiYhY"
        onChange={[Function]}
        value="en"
      >
        <option
          value="en"
        >
          en
        </option>
        <option
          value="de"
        >
          de
        </option>
      </select>
    </div>
  </section>
  <section>
    <span>
      
      Made with love by 
      <a
        className="A-sc-1fll6u6-0 dIZGOz"
        href="https://twitter.com/mxstbr"
      >
        Max Stoiber
      </a>
      .
    
    </span>
  </section>
</footer>
`;
